scanning
  kra_2016: 1539 races
  kra_2017: 2715 races
  kra_2018: 2703 races
  kra_2019: 2673 races
  kra_2022: 2356 races
  kra_2023: 2435 races
  kra_2024: 2454 races
  kra_2025: 2426 races

  cancel: declared & dashes>0: 2163
  cancel: none & dashes=0: 17118
  cancel: none & dashes>0: 20
  odd tokens: 2150425
  races: 19301
  theta cells: 2594
  theta in Bc (unexpected): 2
  theta in Scm (unexpected): 16
  theta: bet placed: 2594

theta verdict
  supports display cap : 2594
  counter-examples     : 0
  unreadable           : 0
  clean: every theta pair carries a quinella-place payout

odd token frequencies
  503961  '출전 번호'
  223029  '삼복승식'
  223029  '삼쌍승식 ( 3위 / 2위 )'
   19301  '단승식'
   19301  '연승식'
   19301  '복승식'
   19301  '쌍승식 ( 후착 / 선착 )'
   19301  '복연승식'
     108  '하이비트'
     102  '원당봉'
     100  '이쁜이'
      85  '새로운바람'
      85  '오케이드림'
      81  '도도한'
      81  '찬스왕'
      79  '한라신화'
      79  '테크노크라트'
      79  '광해왕자'
      79  '청마영웅'
      77  '한백용장'

wrote outputs/p0/theta_probe.csv
wrote outputs/p0/odd_tokens.csv
